mysql> source Module3_setup.sql;
Query OK, 1 row affected (0.00 sec)

Database changed
Query OK, 0 rows affected, 1 warning (0.01 sec)

Query OK, 0 rows affected, 1 warning (0.00 sec)

Query OK, 0 rows affected, 1 warning (0.01 sec)

Query OK, 0 rows affected (0.12 sec)

Query OK, 0 rows affected (0.03 sec)

Query OK, 0 rows affected (0.02 sec)

Query OK, 3 rows affected (0.02 sec)
Records: 3  Duplicates: 0  Warnings: 0

Query OK, 6 rows affected (0.00 sec)
Records: 6  Duplicates: 0  Warnings: 0

Query OK, 8 rows affected (0.01 sec)
Records: 8  Duplicates: 0  Warnings: 0

mysql> USE northern_grounds;
Database changed
mysql> SHOW TABLES;
+----------------------------+
| Tables_in_northern_grounds |
+----------------------------+
| Drink                      |
| Purchase                   |
| Shop                       |
+----------------------------+
3 rows in set (0.00 sec)

mysql> SELECT DrinkName, Price FROM Drink;
+-------------+-------+
| DrinkName   | Price |
+-------------+-------+
| Drip Coffee |  2.50 |
| Latte       |  4.00 |
| Cold Brew   |  3.75 |
| Mocha       |  4.50 |
| Chai Latte  |  4.25 |
| Americano   |  3.00 |
+-------------+-------+
6 rows in set (0.00 sec)

mysql> SELECT * FROM Purchase WHERE Quantity > 10;
+------------+---------+--------------+----------+
| PurchaseID | DrinkID | PurchaseDate | Quantity |
+------------+---------+--------------+----------+
|          1 |       1 | 2026-06-01   |       12 |
|          3 |       2 | 2026-06-01   |       15 |
|          5 |       4 | 2026-06-02   |       20 |
|          8 |       6 | 2026-06-02   |       14 |
+------------+---------+--------------+----------+
4 rows in set (0.00 sec)

mysql> SELECT DrinkName, Price FROM Drink ORDER BY Price ASC;
+-------------+-------+
| DrinkName   | Price |
+-------------+-------+
| Drip Coffee |  2.50 |
| Americano   |  3.00 |
| Cold Brew   |  3.75 |
| Latte       |  4.00 |
| Chai Latte  |  4.25 |
| Mocha       |  4.50 |
+-------------+-------+
6 rows in set (0.00 sec)

mysql> SELECT COUNT(*) FROM Purchase;
+----------+
| COUNT(*) |
+----------+
|        8 |
+----------+
1 row in set (0.00 sec)

mysql> SELECT ShopID, COUNT(*) AS NumberOfDrinks FROM Drink GROUP BY ShopID; 
+--------+----------------+
| ShopID | NumberOfDrinks |
+--------+----------------+
|      1 |              2 |
|      2 |              2 |
|      3 |              2 |
+--------+----------------+
3 rows in set (0.00 sec)

mysql> notee;
