mysql> source Module4_setup.sql;
Query OK, 0 rows affected, 1 warning (0.00 sec)

Query OK, 1 row affected (0.01 sec)

Database changed
Query OK, 0 rows affected, 1 warning (0.01 sec)

Query OK, 0 rows affected, 1 warning (0.00 sec)

Query OK, 0 rows affected, 1 warning (0.00 sec)

Query OK, 0 rows affected (0.02 sec)

Query OK, 0 rows affected (0.04 sec)

Query OK, 0 rows affected (0.04 sec)

Query OK, 3 rows affected (0.01 sec)
Records: 3  Duplicates: 0  Warnings: 0

Query OK, 6 rows affected (0.01 sec)
Records: 6  Duplicates: 0  Warnings: 0

Query OK, 2 rows affected (0.01 sec)
Records: 2  Duplicates: 0  Warnings: 0

mysql> USE retro_replay;
Database changed
mysql> SHOW TABLES;
+------------------------+
| Tables_in_retro_replay |
+------------------------+
| Console                |
| Game                   |
| TradeIn                |
+------------------------+
3 rows in set (0.01 sec)

mysql> INSERT INTO Game (Title, Genre, Price, ConsoleID)
    -> VALUES ('Mega Man X', 'Platformer', 35.00, 1);
Query OK, 1 row affected (0.01 sec)

mysql> SELECT * FROM Game;
+--------+--------------------+------------+-------+-----------+
| GameID | Title              | Genre      | Price | ConsoleID |
+--------+--------------------+------------+-------+-----------+
|      1 | Chrono Trigger     | RPG        | 45.00 |         1 |
|      2 | Super Metroid      | Platformer | 40.00 |         1 |
|      3 | Duck Hunt          | Shooter    | 12.00 |         1 |
|      4 | Street Fighter II  | Fighting   | 30.00 |         1 |
|      5 | Sonic the Hedgehog | Platformer | 20.00 |         2 |
|      6 | Final Fantasy VII  | RPG        | 50.00 |         3 |
|      7 | Mega Man X         | Platformer | 35.00 |         1 |
+--------+--------------------+------------+-------+-----------+
7 rows in set (0.00 sec)

mysql> UPDATE Game
    -> SET Price = Price - 5.00
    -> WHERE Title = 'Chrono Trigger';
Query OK, 1 row affected (0.00 sec)
Rows matched: 1  Changed: 1  Warnings: 0

mysql> SELECT * FROM Game WHERE Title = 'Chrono Trigger';
+--------+----------------+-------+-------+-----------+
| GameID | Title          | Genre | Price | ConsoleID |
+--------+----------------+-------+-------+-----------+
|      1 | Chrono Trigger | RPG   | 40.00 |         1 |
+--------+----------------+-------+-------+-----------+
1 row in set (0.00 sec)

mysql> ^C
mysql> DELETE FROM Game
    -> WHERE Title = 'Chrono Trigger';
ERROR 1451 (23000): Cannot delete or update a parent row: a foreign key constraint fails (`retro_replay`.`TradeIn`, CONSTRAINT `TradeIn_ibfk_1` FOREIGN KEY (`GameID`) REFERENCES `Game` (`GameID`))
mysql> SELECT * FROM Game WHERE Title = 'Chrono Trigger';
+--------+----------------+-------+-------+-----------+
| GameID | Title          | Genre | Price | ConsoleID |
+--------+----------------+-------+-------+-----------+
|      1 | Chrono Trigger | RPG   | 40.00 |         1 |
+--------+----------------+-------+-------+-----------+
1 row in set (0.00 sec)

mysql> SELECT * FROM Game WHERE Title = 'Duck Hunt';
+--------+-----------+---------+-------+-----------+
| GameID | Title     | Genre   | Price | ConsoleID |
+--------+-----------+---------+-------+-----------+
|      3 | Duck Hunt | Shooter | 12.00 |         1 |
+--------+-----------+---------+-------+-----------+
1 row in set (0.00 sec)

mysql> DELETE FROM Game
    -> WHERE Title = 'Duck Hunt';
Query OK, 1 row affected (0.01 sec)

mysql> SELECT * FROM Game;
+--------+--------------------+------------+-------+-----------+
| GameID | Title              | Genre      | Price | ConsoleID |
+--------+--------------------+------------+-------+-----------+
|      1 | Chrono Trigger     | RPG        | 40.00 |         1 |
|      2 | Super Metroid      | Platformer | 40.00 |         1 |
|      4 | Street Fighter II  | Fighting   | 30.00 |         1 |
|      5 | Sonic the Hedgehog | Platformer | 20.00 |         2 |
|      6 | Final Fantasy VII  | RPG        | 50.00 |         3 |
|      7 | Mega Man X         | Platformer | 35.00 |         1 |
+--------+--------------------+------------+-------+-----------+
6 rows in set (0.00 sec)

mysql> USE retro_replay;
Reading table information for completion of table and column names
You can turn off this feature to get a quicker startup with -A

Database changed
mysql> INSERT INTO TradeIn (GameID, CustomerName, TradeInDate, CreditAmount)
    -> VALUES (1, 'Test Customer', '2026-09-17', 10.00);
Query OK, 1 row affected (0.01 sec)

mysql> SELECT * FROM TradeIn WHERE CustomerName = 'Test Customer';
+-----------+--------+---------------+-------------+--------------+
| TradeInID | GameID | CustomerName  | TradeInDate | CreditAmount |
+-----------+--------+---------------+-------------+--------------+
|         4 |      1 | Test Customer | 2026-09-17  |        10.00 |
+-----------+--------+---------------+-------------+--------------+
1 row in set (0.00 sec)

mysql> DELETE FROM TradeIn
    -> WHERE TradeInID = 4;
Query OK, 1 row affected (0.00 sec)

mysql> SELECT * FROM TradeIn WHERE TradeInID = 4;
Empty set (0.00 sec)

mysql> notee;
